LTspice 24.1.10 for Windows
Circuit: C:\Users\sarma\Documents\LTspice\project\4a.net
Start Time: Wed Nov 26 23:31:47 2025
Ignoring BSIM parameter XL
Ignoring BSIM parameter XW
Ignoring BSIM parameter XL
Ignoring BSIM parameter XW
Ignoring BSIM parameter XL
Ignoring BSIM parameter XW
Ignoring BSIM parameter XL
Ignoring BSIM parameter XW
Ignoring BSIM parameter XL
Ignoring BSIM parameter XW
Ignoring BSIM parameter XL
Ignoring BSIM parameter XW
Ignoring BSIM parameter XL
Ignoring BSIM parameter XW
Ignoring BSIM parameter XL
Ignoring BSIM parameter XW
Ignoring BSIM parameter XL
Ignoring BSIM parameter XW
Ignoring BSIM parameter XL
Ignoring BSIM parameter XW
Ignoring BSIM parameter XL
Ignoring BSIM parameter XW
Ignoring BSIM parameter XL
Ignoring BSIM parameter XW
Ignoring BSIM parameter XL
Ignoring BSIM parameter XW
Ignoring BSIM parameter XL
Ignoring BSIM parameter XW
Ignoring BSIM parameter XL
Ignoring BSIM parameter XW
Ignoring BSIM parameter XL
Ignoring BSIM parameter XW
Ignoring BSIM parameter XL
Ignoring BSIM parameter XW
Ignoring BSIM parameter XL
Ignoring BSIM parameter XW
Ignoring BSIM parameter XL
Ignoring BSIM parameter XW
Ignoring BSIM parameter XL
Ignoring BSIM parameter XW
Ignoring BSIM parameter XL
Ignoring BSIM parameter XW
Ignoring BSIM parameter XL
Ignoring BSIM parameter XW
Ignoring BSIM parameter XL
Ignoring BSIM parameter XW
Ignoring BSIM parameter XL
Ignoring BSIM parameter XW
Ignoring BSIM parameter XL
Ignoring BSIM parameter XW
Ignoring BSIM parameter XL
Ignoring BSIM parameter XW
Ignoring BSIM parameter XL
Ignoring BSIM parameter XW
Ignoring BSIM parameter XL
Ignoring BSIM parameter XW
Ignoring BSIM parameter XL
Ignoring BSIM parameter XW
Ignoring BSIM parameter XL
Ignoring BSIM parameter XW
Ignoring BSIM parameter XL
Ignoring BSIM parameter XW
Ignoring BSIM parameter XL
Ignoring BSIM parameter XW
Ignoring BSIM parameter XL
Ignoring BSIM parameter XW
Ignoring BSIM parameter XL
Ignoring BSIM parameter XW
Ignoring BSIM parameter XL
Ignoring BSIM parameter XW
Ignoring BSIM parameter XL
Ignoring BSIM parameter XW
Ignoring BSIM parameter XL
Ignoring BSIM parameter XW
Ignoring BSIM parameter XL
Ignoring BSIM parameter XW
Ignoring BSIM parameter XL
Ignoring BSIM parameter XW
Ignoring BSIM parameter XL
Ignoring BSIM parameter XW
Ignoring BSIM parameter XL
Ignoring BSIM parameter XW
Ignoring BSIM parameter XL
Ignoring BSIM parameter XW
Ignoring BSIM parameter XL
Ignoring BSIM parameter XW
Ignoring BSIM parameter XL
Ignoring BSIM parameter XW
Ignoring BSIM parameter XL
Ignoring BSIM parameter XW
Ignoring BSIM parameter XL
Ignoring BSIM parameter XW
Ignoring BSIM parameter XL
Ignoring BSIM parameter XW
Ignoring BSIM parameter XL
Ignoring BSIM parameter XW
Ignoring BSIM parameter XL
Ignoring BSIM parameter XW
Ignoring BSIM parameter XL
Ignoring BSIM parameter XW
Ignoring BSIM parameter XL
Ignoring BSIM parameter XW
Ignoring BSIM parameter XL
Ignoring BSIM parameter XW
Ignoring BSIM parameter XL
Ignoring BSIM parameter XW
Ignoring BSIM parameter XL
Ignoring BSIM parameter XW
Ignoring BSIM parameter XL
Ignoring BSIM parameter XW
Ignoring BSIM parameter XL
Ignoring BSIM parameter XW
Ignoring BSIM parameter XL
Ignoring BSIM parameter XW
Ignoring BSIM parameter XL
Ignoring BSIM parameter XW
Ignoring BSIM parameter XL
Ignoring BSIM parameter XW
Ignoring BSIM parameter XL
Ignoring BSIM parameter XW
Ignoring BSIM parameter XL
Ignoring BSIM parameter XW
Ignoring BSIM parameter XL
Ignoring BSIM parameter XW
Ignoring BSIM parameter XL
Ignoring BSIM parameter XW
Ignoring BSIM parameter XL
Ignoring BSIM parameter XW
Ignoring BSIM parameter XL
Ignoring BSIM parameter XW
Ignoring BSIM parameter XL
Ignoring BSIM parameter XW
Ignoring BSIM parameter XL
Ignoring BSIM parameter XW
Ignoring BSIM parameter XL
Ignoring BSIM parameter XW
Ignoring BSIM parameter XL
Ignoring BSIM parameter XW
Ignoring BSIM parameter XL
Ignoring BSIM parameter XW
Ignoring BSIM parameter XL
Ignoring BSIM parameter XW
Ignoring BSIM parameter XL
Ignoring BSIM parameter XW
Ignoring BSIM parameter XL
Ignoring BSIM parameter XW
Ignoring BSIM parameter XL
Ignoring BSIM parameter XW
Ignoring BSIM parameter XL
Ignoring BSIM parameter XW
Ignoring BSIM parameter XL
Ignoring BSIM parameter XW
Ignoring BSIM parameter XL
Ignoring BSIM parameter XW
Ignoring BSIM parameter XL
Ignoring BSIM parameter XW
Ignoring BSIM parameter XL
Ignoring BSIM parameter XW
Ignoring BSIM parameter XL
Ignoring BSIM parameter XW
Ignoring BSIM parameter XL
Ignoring BSIM parameter XW
Ignoring BSIM parameter XL
Ignoring BSIM parameter XW
Ignoring BSIM parameter XL
Ignoring BSIM parameter XW
Ignoring BSIM parameter XL
Ignoring BSIM parameter XW
Ignoring BSIM parameter XL
Ignoring BSIM parameter XW
Ignoring BSIM parameter XL
Ignoring BSIM parameter XW
Ignoring BSIM parameter XL
Ignoring BSIM parameter XW
Ignoring BSIM parameter XL
Ignoring BSIM parameter XW
Ignoring BSIM parameter XL
Ignoring BSIM parameter XW
Ignoring BSIM parameter XL
Ignoring BSIM parameter XW
Ignoring BSIM parameter XL
Ignoring BSIM parameter XW
Ignoring BSIM parameter XL
Ignoring BSIM parameter XW
Ignoring BSIM parameter XL
Ignoring BSIM parameter XW
Ignoring BSIM parameter XL
Ignoring BSIM parameter XW
Ignoring BSIM parameter XL
Ignoring BSIM parameter XW
Ignoring BSIM parameter XL
Ignoring BSIM parameter XW
Ignoring BSIM parameter XL
Ignoring BSIM parameter XW
Ignoring BSIM parameter XL
Ignoring BSIM parameter XW
Ignoring BSIM parameter XL
Ignoring BSIM parameter XW
Ignoring BSIM parameter XL
Ignoring BSIM parameter XW
Ignoring BSIM parameter XL
Ignoring BSIM parameter XW
Ignoring BSIM parameter XL
Ignoring BSIM parameter XW
Ignoring BSIM parameter XL
Ignoring BSIM parameter XW
Ignoring BSIM parameter XL
Ignoring BSIM parameter XW
Ignoring BSIM parameter XL
Ignoring BSIM parameter XW
Ignoring BSIM parameter XL
Ignoring BSIM parameter XW
Ignoring BSIM parameter XL
Ignoring BSIM parameter XW
solver = Normal
Maximum thread count: 16
tnom = 27
temp = 27
method = trap
Warning: Pd = 0 is less than W.
Warning: Ps = 0 is less than W.
Warning: Pd = 0 is less than W.
Warning: Ps = 0 is less than W.
Warning: Pd = 0 is less than W.
Warning: Ps = 0 is less than W.
Warning: Pd = 0 is less than W.
Warning: Ps = 0 is less than W.
Warning: Pd = 0 is less than W.
Warning: Ps = 0 is less than W.
Warning: Pd = 0 is less than W.
Warning: Ps = 0 is less than W.
Warning: Pd = 0 is less than W.
Warning: Ps = 0 is less than W.
Warning: Pd = 0 is less than W.
Warning: Ps = 0 is less than W.
Warning: Pd = 0 is less than W.
Warning: Ps = 0 is less than W.
Warning: Pd = 0 is less than W.
Warning: Ps = 0 is less than W.
Warning: Pd = 0 is less than W.
Warning: Ps = 0 is less than W.
Warning: Pd = 0 is less than W.
Warning: Ps = 0 is less than W.
Warning: Pd = 0 is less than W.
Warning: Ps = 0 is less than W.
Warning: Pd = 0 is less than W.
Warning: Ps = 0 is less than W.
Warning: Pd = 0 is less than W.
Warning: Ps = 0 is less than W.
Warning: Pd = 0 is less than W.
Warning: Ps = 0 is less than W.
Warning: Pd = 0 is less than W.
Warning: Ps = 0 is less than W.
Warning: Pd = 0 is less than W.
Warning: Ps = 0 is less than W.
Warning: Pd = 0 is less than W.
Warning: Ps = 0 is less than W.
Warning: Pd = 0 is less than W.
Warning: Ps = 0 is less than W.
Warning: Pd = 0 is less than W.
Warning: Ps = 0 is less than W.
Warning: Pd = 0 is less than W.
Warning: Ps = 0 is less than W.
Warning: Pd = 0 is less than W.
Warning: Ps = 0 is less than W.
Warning: Pd = 0 is less than W.
Warning: Ps = 0 is less than W.
Warning: Pd = 0 is less than W.
Warning: Ps = 0 is less than W.
Warning: Pd = 0 is less than W.
Warning: Ps = 0 is less than W.
Warning: Pd = 0 is less than W.
Warning: Ps = 0 is less than W.
Warning: Pd = 0 is less than W.
Warning: Ps = 0 is less than W.
Warning: Pd = 0 is less than W.
Warning: Ps = 0 is less than W.
Warning: Pd = 0 is less than W.
Warning: Ps = 0 is less than W.
Warning: Pd = 0 is less than W.
Warning: Ps = 0 is less than W.
Warning: Pd = 0 is less than W.
Warning: Ps = 0 is less than W.
Warning: Pd = 0 is less than W.
Warning: Ps = 0 is less than W.
Warning: Pd = 0 is less than W.
Warning: Ps = 0 is less than W.
Warning: Pd = 0 is less than W.
Warning: Ps = 0 is less than W.
Warning: Pd = 0 is less than W.
Warning: Ps = 0 is less than W.
Warning: Pd = 0 is less than W.
Warning: Ps = 0 is less than W.
Warning: Pd = 0 is less than W.
Warning: Ps = 0 is less than W.
Warning: Pd = 0 is less than W.
Warning: Ps = 0 is less than W.
Warning: Pd = 0 is less than W.
Warning: Ps = 0 is less than W.
Warning: Pd = 0 is less than W.
Warning: Ps = 0 is less than W.
Warning: Pd = 0 is less than W.
Warning: Ps = 0 is less than W.
Warning: Pd = 0 is less than W.
Warning: Ps = 0 is less than W.
Warning: Pd = 0 is less than W.
Warning: Ps = 0 is less than W.
Warning: Pd = 0 is less than W.
Warning: Ps = 0 is less than W.
Warning: Pd = 0 is less than W.
Warning: Ps = 0 is less than W.
Warning: Pd = 0 is less than W.
Warning: Ps = 0 is less than W.
Warning: Pd = 0 is less than W.
Warning: Ps = 0 is less than W.
Warning: Pd = 0 is less than W.
Warning: Ps = 0 is less than W.
Warning: Pd = 0 is less than W.
Warning: Ps = 0 is less than W.
Warning: Pd = 0 is less than W.
Warning: Ps = 0 is less than W.
Warning: Pd = 0 is less than W.
Warning: Ps = 0 is less than W.
Warning: Pd = 0 is less than W.
Warning: Ps = 0 is less than W.
Warning: Pd = 0 is less than W.
Warning: Ps = 0 is less than W.
Warning: Pd = 0 is less than W.
Warning: Ps = 0 is less than W.
Warning: Pd = 0 is less than W.
Warning: Ps = 0 is less than W.
Warning: Pd = 0 is less than W.
Warning: Ps = 0 is less than W.
Warning: Pd = 0 is less than W.
Warning: Ps = 0 is less than W.
Warning: Pd = 0 is less than W.
Warning: Ps = 0 is less than W.
Warning: Pd = 0 is less than W.
Warning: Ps = 0 is less than W.
Warning: Pd = 0 is less than W.
Warning: Ps = 0 is less than W.
Warning: Pd = 0 is less than W.
Warning: Ps = 0 is less than W.
Warning: Pd = 0 is less than W.
Warning: Ps = 0 is less than W.
Warning: Pd = 0 is less than W.
Warning: Ps = 0 is less than W.
Warning: Pd = 0 is less than W.
Warning: Ps = 0 is less than W.
Warning: Pd = 0 is less than W.
Warning: Ps = 0 is less than W.
Warning: Pd = 0 is less than W.
Warning: Ps = 0 is less than W.
Warning: Pd = 0 is less than W.
Warning: Ps = 0 is less than W.
Warning: Pd = 0 is less than W.
Warning: Ps = 0 is less than W.
Warning: Pd = 0 is less than W.
Warning: Ps = 0 is less than W.
Warning: Pd = 0 is less than W.
Warning: Ps = 0 is less than W.
Warning: Pd = 0 is less than W.
Warning: Ps = 0 is less than W.
Warning: Pd = 0 is less than W.
Warning: Ps = 0 is less than W.
Warning: Pd = 0 is less than W.
Warning: Ps = 0 is less than W.
Warning: Pd = 0 is less than W.
Warning: Ps = 0 is less than W.
Warning: Pd = 0 is less than W.
Warning: Ps = 0 is less than W.
Warning: Pd = 0 is less than W.
Warning: Ps = 0 is less than W.
Warning: Pd = 0 is less than W.
Warning: Ps = 0 is less than W.
Warning: Pd = 0 is less than W.
Warning: Ps = 0 is less than W.
Warning: Pd = 0 is less than W.
Warning: Ps = 0 is less than W.
Warning: Pd = 0 is less than W.
Warning: Ps = 0 is less than W.
Warning: Pd = 0 is less than W.
Warning: Ps = 0 is less than W.
Warning: Pd = 0 is less than W.
Warning: Ps = 0 is less than W.
Warning: Pd = 0 is less than W.
Warning: Ps = 0 is less than W.
Warning: Pd = 0 is less than W.
Warning: Ps = 0 is less than W.
Warning: Pd = 0 is less than W.
Warning: Ps = 0 is less than W.
Warning: Pd = 0 is less than W.
Warning: Ps = 0 is less than W.
Warning: Pd = 0 is less than W.
Warning: Ps = 0 is less than W.
Warning: Pd = 0 is less than W.
Warning: Ps = 0 is less than W.
Warning: Pd = 0 is less than W.
Warning: Ps = 0 is less than W.
Warning: Pd = 0 is less than W.
Warning: Ps = 0 is less than W.
Warning: Pd = 0 is less than W.
Warning: Ps = 0 is less than W.
Warning: Pd = 0 is less than W.
Warning: Ps = 0 is less than W.
Warning: Pd = 0 is less than W.
Warning: Ps = 0 is less than W.
Warning: Pd = 0 is less than W.
Warning: Ps = 0 is less than W.
Warning: Pd = 0 is less than W.
Warning: Ps = 0 is less than W.
Warning: Pd = 0 is less than W.
Warning: Ps = 0 is less than W.
Warning: Pd = 0 is less than W.
Warning: Ps = 0 is less than W.
Warning: Pd = 0 is less than W.
Warning: Ps = 0 is less than W.
Warning: Pd = 0 is less than W.
Warning: Ps = 0 is less than W.
Warning: Pd = 0 is less than W.
Warning: Ps = 0 is less than W.
Warning: Pd = 0 is less than W.
Warning: Ps = 0 is less than W.
Warning: Pd = 0 is less than W.
Warning: Ps = 0 is less than W.
Warning: Pd = 0 is less than W.
Warning: Ps = 0 is less than W.
Warning: Pd = 0 is less than W.
Warning: Ps = 0 is less than W.
Warning: Pd = 0 is less than W.
Warning: Ps = 0 is less than W.
Warning: Pd = 0 is less than W.
Warning: Ps = 0 is less than W.
Warning: Pd = 0 is less than W.
Warning: Ps = 0 is less than W.
Direct Newton iteration for .op point succeeded.
Total elapsed time: 3.186 seconds.

Files loaded:
C:\Users\sarma\Documents\LTspice\project\4a.net
C:\Users\sarma\AppData\Local\LTspice\lib\cmp\standard.mos

tprd=6.27619274129e-10 FROM 8.00499999983e-09 TO 8.63261927396e-09
